[lp/diet/all/22/quantum-kelly9688.html]
[backblue.gif]
[fade.gif]
[index.html]
[lp/diet/all/22/files/favicon.ico]
[lp/diet/contemporaryswinning.com/images/bottlefree.png]
[lp/diet/all/22/files/font-awesome.min.css]
[lp/diet/all/22/alter.html]
[lp/diet/all/22/current.html]
[lp/diet/all/22/files/HI0zoat.png]
[lp/diet/all/22/files/X49TD5Q.jpg]
[lp/diet/all/22/files/kelly1.jpg]
[lp/diet/all/22/files/kelly10.jpg]
[lp/diet/all/22/files/kelly-oz.jpg]
[lp/diet/all/22/files/week1.png]
[lp/diet/all/22/files/week2.png]
[lp/diet/all/22/files/DpqxcKm.png]
[lp/diet/all/22/files/8hzWQkS.png]
[lp/diet/all/22/files/NvdDOcG.png]
[lp/diet/all/22/files/quantum.png]
[lp/diet/all/22/files/GBnGtfq.png]
[lp/diet/all/22/files/XIhgO5s.png]
[lp/diet/all/22/files/zGohUHN.jpg]
[lp/diet/all/22/files/dGKIpuI.jpg]
[lp/diet/all/22/files/ND4pKSV.jpg]
[lp/diet/all/22/files/XEEOvDT.jpg]
[lp/diet/all/22/files/9dUc6uT.jpg]
[lp/diet/all/22/files/1Eq1UB7.jpg]
[lp/diet/all/22/files/B2IYu1k.jpg]
[lp/diet/all/22/files/wwqLyGf.jpg]
[lp/diet/all/22/files/c1VnkNb.jpg]
[lp/diet/all/22/files/bs2zDRM.jpg]
[lp/diet/all/22/files/tKpJyaO.jpg]
[lp/diet/all/22/files/jvTtBZF.jpg]
[lp/diet/all/22/files/Wkvyc7Q.jpg]
[lp/diet/all/22/files/pobE6BB.jpg]
[lp/diet/all/22/files/WqFZqOr.jpg]
[lp/diet/all/22/files/Hg9LRq5.jpg]
[lp/diet/all/22/files/cSWf74I.jpg]
[lp/diet/all/22/files/5Dh1z3G.jpg]
[lp/diet/all/22/files/hfEfjzc.jpg]
[lp/diet/all/22/files/3K6DAzl.jpg]
[lp/diet/all/22/files/YMR04pl.jpg]
[lp/diet/all/22/files/FKZGdLr.jpg]
[lp/diet/all/22/files/c5mZBIl.jpg]
[lp/diet/all/22/files/L1wWcbU.jpg]
[lp/diet/all/22/files/buyers-notification.css]
[lp/diet/all/22/files/rotator.js]
[lp/diet/all/22/quantum-kelly9688.html]
[lp/diet/contemporaryswinning.com/images/bottlefree.html]
[jquery-1.11.2.min.js]
[lp/diet/all/22/files/font-awesome.min.css]
[lp/diet/all/22/alter.html]
[lp/diet/all/22/current.html]
[lp/diet/all/22/files/buyers-notification.css]
[lp/diet/all/22/fonts/fontawesome-webfont3e6e3e6e.html]
[lp/diet/all/22/fonts/fontawesome-webfontd41dd41d.html]
[lp/diet/all/22/fonts/fontawesome-webfont3e6e-23e6e.html]
[lp/diet/all/22/fonts/fontawesome-webfont3e6e-33e6e.html]
[lp/diet/all/22/fonts/fontawesome-webfont3e6e-43e6e.html]
[lp/diet/all/22/fonts/fontawesome-webfont3e6e-53e6e.html]
